../Core/Src/main.c:93:6:HAL_UART_RxCpltCallback	16	static
../Core/Src/main.c:114:5:main	8	static
../Core/Src/main.c:276:6:SystemClock_Config	88	static
../Core/Src/main.c:311:13:MX_TIM1_Init	96	static
../Core/Src/main.c:398:13:MX_TIM2_Init	32	static
../Core/Src/main.c:443:13:MX_TIM3_Init	64	static
../Core/Src/main.c:510:13:MX_USART2_UART_Init	8	static
../Core/Src/main.c:545:13:MX_GPIO_Init	48	static
../Core/Src/main.c:576:6:HAL_TIM_PeriodElapsedCallback	24	static
../Core/Src/main.c:589:6:setServo	24	static
../Core/Src/main.c:616:6:Error_Handler	8	static,ignoring_inline_asm
