Archive member included to satisfy reference by file (symbol)

C:/ST/STM32CubeIDE_1.13.2/STM32CubeIDE/plugins/com.st.stm32cube.ide.mcu.externaltools.gnu-tools-for-stm32.11.3.rel1.win32_1.1.100.202309141235/tools/bin/../lib/gcc/arm-none-eabi/11.3.1/../../../../arm-none-eabi/lib/thumb/v7e-m+fp/hard\libc_nano.a(libc_a-exit.o)
                              C:/ST/STM32CubeIDE_1.13.2/STM32CubeIDE/plugins/com.st.stm32cube.ide.mcu.externaltools.gnu-tools-for-stm32.11.3.rel1.win32_1.1.100.202309141235/tools/bin/../lib/gcc/arm-none-eabi/11.3.1/../../../../arm-none-eabi/lib/thumb/v7e-m+fp/hard/crt0.o (exit)
C:/ST/STM32CubeIDE_1.13.2/STM32CubeIDE/plugins/com.st.stm32cube.ide.mcu.externaltools.gnu-tools-for-stm32.11.3.rel1.win32_1.1.100.202309141235/tools/bin/../lib/gcc/arm-none-eabi/11.3.1/../../../../arm-none-eabi/lib/thumb/v7e-m+fp/hard\libc_nano.a(libc_a-findfp.o)
                              C:/ST/STM32CubeIDE_1.13.2/STM32CubeIDE/plugins/com.st.stm32cube.ide.mcu.externaltools.gnu-tools-for-stm32.11.3.rel1.win32_1.1.100.202309141235/tools/bin/../lib/gcc/arm-none-eabi/11.3.1/../../../../arm-none-eabi/lib/thumb/v7e-m+fp/hard\libc_nano.a(libc_a-exit.o) (__stdio_exit_handler)
C:/ST/STM32CubeIDE_1.13.2/STM32CubeIDE/plugins/com.st.stm32cube.ide.mcu.externaltools.gnu-tools-for-stm32.11.3.rel1.win32_1.1.100.202309141235/tools/bin/../lib/gcc/arm-none-eabi/11.3.1/../../../../arm-none-eabi/lib/thumb/v7e-m+fp/hard\libc_nano.a(libc_a-fwalk.o)
                              C:/ST/STM32CubeIDE_1.13.2/STM32CubeIDE/plugins/com.st.stm32cube.ide.mcu.externaltools.gnu-tools-for-stm32.11.3.rel1.win32_1.1.100.202309141235/tools/bin/../lib/gcc/arm-none-eabi/11.3.1/../../../../arm-none-eabi/lib/thumb/v7e-m+fp/hard\libc_nano.a(libc_a-findfp.o) (_fwalk_sglue)
C:/ST/STM32CubeIDE_1.13.2/STM32CubeIDE/plugins/com.st.stm32cube.ide.mcu.externaltools.gnu-tools-for-stm32.11.3.rel1.win32_1.1.100.202309141235/tools/bin/../lib/gcc/arm-none-eabi/11.3.1/../../../../arm-none-eabi/lib/thumb/v7e-m+fp/hard\libc_nano.a(libc_a-stdio.o)
                              C:/ST/STM32CubeIDE_1.13.2/STM32CubeIDE/plugins/com.st.stm32cube.ide.mcu.externaltools.gnu-tools-for-stm32.11.3.rel1.win32_1.1.100.202309141235/tools/bin/../lib/gcc/arm-none-eabi/11.3.1/../../../../arm-none-eabi/lib/thumb/v7e-m+fp/hard\libc_nano.a(libc_a-findfp.o) (__sread)
C:/ST/STM32CubeIDE_1.13.2/STM32CubeIDE/plugins/com.st.stm32cube.ide.mcu.externaltools.gnu-tools-for-stm32.11.3.rel1.win32_1.1.100.202309141235/tools/bin/../lib/gcc/arm-none-eabi/11.3.1/../../../../arm-none-eabi/lib/thumb/v7e-m+fp/hard\libc_nano.a(libc_a-memset.o)
                              C:/ST/STM32CubeIDE_1.13.2/STM32CubeIDE/plugins/com.st.stm32cube.ide.mcu.externaltools.gnu-tools-for-stm32.11.3.rel1.win32_1.1.100.202309141235/tools/bin/../lib/gcc/arm-none-eabi/11.3.1/../../../../arm-none-eabi/lib/thumb/v7e-m+fp/hard/crt0.o (memset)
C:/ST/STM32CubeIDE_1.13.2/STM32CubeIDE/plugins/com.st.stm32cube.ide.mcu.externaltools.gnu-tools-for-stm32.11.3.rel1.win32_1.1.100.202309141235/tools/bin/../lib/gcc/arm-none-eabi/11.3.1/../../../../arm-none-eabi/lib/thumb/v7e-m+fp/hard\libc_nano.a(libc_a-closer.o)
                              C:/ST/STM32CubeIDE_1.13.2/STM32CubeIDE/plugins/com.st.stm32cube.ide.mcu.externaltools.gnu-tools-for-stm32.11.3.rel1.win32_1.1.100.202309141235/tools/bin/../lib/gcc/arm-none-eabi/11.3.1/../../../../arm-none-eabi/lib/thumb/v7e-m+fp/hard\libc_nano.a(libc_a-stdio.o) (_close_r)
C:/ST/STM32CubeIDE_1.13.2/STM32CubeIDE/plugins/com.st.stm32cube.ide.mcu.externaltools.gnu-tools-for-stm32.11.3.rel1.win32_1.1.100.202309141235/tools/bin/../lib/gcc/arm-none-eabi/11.3.1/../../../../arm-none-eabi/lib/thumb/v7e-m+fp/hard\libc_nano.a(libc_a-reent.o)
                              C:/ST/STM32CubeIDE_1.13.2/STM32CubeIDE/plugins/com.st.stm32cube.ide.mcu.externaltools.gnu-tools-for-stm32.11.3.rel1.win32_1.1.100.202309141235/tools/bin/../lib/gcc/arm-none-eabi/11.3.1/../../../../arm-none-eabi/lib/thumb/v7e-m+fp/hard\libc_nano.a(libc_a-closer.o) (errno)
C:/ST/STM32CubeIDE_1.13.2/STM32CubeIDE/plugins/com.st.stm32cube.ide.mcu.externaltools.gnu-tools-for-stm32.11.3.rel1.win32_1.1.100.202309141235/tools/bin/../lib/gcc/arm-none-eabi/11.3.1/../../../../arm-none-eabi/lib/thumb/v7e-m+fp/hard\libc_nano.a(libc_a-impure.o)
                              C:/ST/STM32CubeIDE_1.13.2/STM32CubeIDE/plugins/com.st.stm32cube.ide.mcu.externaltools.gnu-tools-for-stm32.11.3.rel1.win32_1.1.100.202309141235/tools/bin/../lib/gcc/arm-none-eabi/11.3.1/../../../../arm-none-eabi/lib/thumb/v7e-m+fp/hard\libc_nano.a(libc_a-reent.o) (_impure_ptr)
C:/ST/STM32CubeIDE_1.13.2/STM32CubeIDE/plugins/com.st.stm32cube.ide.mcu.externaltools.gnu-tools-for-stm32.11.3.rel1.win32_1.1.100.202309141235/tools/bin/../lib/gcc/arm-none-eabi/11.3.1/../../../../arm-none-eabi/lib/thumb/v7e-m+fp/hard\libc_nano.a(libc_a-lseekr.o)
[...]
Memory Configuration

Name             Origin             Length             Attributes
RAM              0x0000000020000000 0x0000000000020000 xrw
FLASH            0x0000000008000000 0x0000000000080000 xr
*default*        0x0000000000000000 0xffffffffffffffff

Linker script and memory map

LOAD C:/ST/STM32CubeIDE_1.13.2/STM32CubeIDE/plugins/com.st.stm32cube.ide.mcu.externaltools.gnu-tools-for-stm32.11.3.rel1.win32_1.1.100.202309141235/tools/bin/../lib/gcc/arm-none-eabi/11.3.1/thumb/v7e-m+fp/hard/crti.o
LOAD C:/ST/STM32CubeIDE_1.13.2/STM32CubeIDE/plugins/com.st.stm32cube.ide.mcu.externaltools.gnu-tools-for-stm32.11.3.rel1.win32_1.1.100.202309141235/tools/bin/../lib/gcc/arm-none-eabi/11.3.1/thumb/v7e-m+fp/hard/crtbegin.o
LOAD C:/ST/STM32CubeIDE_1.13.2/STM32CubeIDE/plugins/com.st.stm32cube.ide.mcu.externaltools.gnu-tools-for-stm32.11.3.rel1.win32_1.1.100.202309141235/tools/bin/../lib/gcc/arm-none-eabi/11.3.1/../../../../arm-none-eabi/lib/thumb/v7e-m+fp/hard/crt0.o
LOAD ./CMSIS/system_stm32f4xx.o
LOAD ./Src/main.o
LOAD ./Src/map_shield.o
LOAD ./Src/startup_stm32f411retx.o
LOAD ./Src/stm_core.o
LOAD ./Src/syscalls.o
LOAD ./Src/sysmem.o
START GROUP
LOAD C:/ST/STM32CubeIDE_1.13.2/STM32CubeIDE/plugins/com.st.stm32cube.ide.mcu.externaltools.gnu-tools-for-stm32.11.3.rel1.win32_1.1.100.202309141235/tools/bin/../lib/gcc/arm-none-eabi/11.3.1/../../../../arm-none-eabi/lib/thumb/v7e-m+fp/hard\libc_nano.a
LOAD C:/ST/STM32CubeIDE_1.13.2/STM32CubeIDE/plugins/com.st.stm32cube.ide.mcu.externaltools.gnu-tools-for-stm32.11.3.rel1.win32_1.1.100.202309141235/tools/bin/../lib/gcc/arm-none-eabi/11.3.1/../../../../arm-none-eabi/lib/thumb/v7e-m+fp/hard\libm.a
END GROUP
START GROUP
LOAD C:/ST/STM32CubeIDE_1.13.2/STM32CubeIDE/plugins/com.st.stm32cube.ide.mcu.externaltools.gnu-tools-for-stm32.11.3.rel1.win32_1.1.100.202309141235/tools/bin/../lib/gcc/arm-none-eabi/11.3.1/thumb/v7e-m+fp/hard\libgcc.a
LOAD C:/ST/STM32CubeIDE_1.13.2/STM32CubeIDE/plugins/com.st.stm32cube.ide.mcu.externaltools.gnu-tools-for-stm32.11.3.rel1.win32_1.1.100.202309141235/tools/bin/../lib/gcc/arm-none-eabi/11.3.1/../../../../arm-none-eabi/lib/thumb/v7e-m+fp/hard\libc_nano.a
END GROUP
START GROUP
LOAD C:/ST/STM32CubeIDE_1.13.2/STM32CubeIDE/plugins/com.st.stm32cube.ide.mcu.externaltools.gnu-tools-for-stm32.11.3.rel1.win32_1.1.100.202309141235/tools/bin/../lib/gcc/arm-none-eabi/11.3.1/thumb/v7e-m+fp/hard\libgcc.a
LOAD C:/ST/STM32CubeIDE_1.13.2/STM32CubeIDE/plugins/com.st.stm32cube.ide.mcu.externaltools.gnu-tools-for-stm32.11.3.rel1.win32_1.1.100.202309141235/tools/bin/../lib/gcc/arm-none-eabi/11.3.1/../../../../arm-none-eabi/lib/thumb/v7e-m+fp/hard\libc_nano.a
LOAD C:/ST/STM32CubeIDE_1.13.2/STM32CubeIDE/plugins/com.st.stm32cube.ide.mcu.externaltools.gnu-tools-for-stm32.11.3.rel1.win32_1.1.100.202309141235/tools/bin/../lib/gcc/arm-none-eabi/11.3.1/../../../../arm-none-eabi/lib/thumb/v7e-m+fp/hard\libnosys.a
END GROUP
START GROUP
LOAD C:/ST/STM32CubeIDE_1.13.2/STM32CubeIDE/plugins/com.st.stm32cube.ide.mcu.externaltools.gnu-tools-for-stm32.11.3.rel1.win32_1.1.100.202309141235/tools/bin/../lib/gcc/arm-none-eabi/11.3.1/thumb/v7e-m+fp/hard\libgcc.a
LOAD C:/ST/STM32CubeIDE_1.13.2/STM32CubeIDE/plugins/com.st.stm32cube.ide.mcu.externaltools.gnu-tools-for-stm32.11.3.rel1.win32_1.1.100.202309141235/tools/bin/../lib/gcc/arm-none-eabi/11.3.1/../../../../arm-none-eabi/lib/thumb/v7e-m+fp/hard\libc_nano.a
LOAD C:/ST/STM32CubeIDE_1.13.2/STM32CubeIDE/plugins/com.st.stm32cube.ide.mcu.externaltools.gnu-tools-for-stm32.11.3.rel1.win32_1.1.100.202309141235/tools/bin/../lib/gcc/arm-none-eabi/11.3.1/../../../../arm-none-eabi/lib/thumb/v7e-m+fp/hard\libnosys.a
END GROUP
LOAD C:/ST/STM32CubeIDE_1.13.2/STM32CubeIDE/plugins/com.st.stm32cube.ide.mcu.externaltools.gnu-tools-for-stm32.11.3.rel1.win32_1.1.100.202309141235/tools/bin/../lib/gcc/arm-none-eabi/11.3.1/thumb/v7e-m+fp/hard/crtend.o
LOAD C:/ST/STM32CubeIDE_1.13.2/STM32CubeIDE/plugins/com.st.stm32cube.ide.mcu.externaltools.gnu-tools-for-stm32.11.3.rel1.win32_1.1.100.202309141235/tools/bin/../lib/gcc/arm-none-eabi/11.3.1/thumb/v7e-m+fp/hard/crtn.o
                0x0000000020020000                _estack = (ORIGIN (RAM) + LENGTH (RAM))
                0x0000000000000200                _Min_Heap_Size = 0x200
                0x0000000000000400                _Min_Stack_Size = 0x400

.isr_vector     0x0000000008000000      0x198
                0x0000000008000000                . = ALIGN (0x4)
 *(.isr_vector)
 .isr_vector    0x0000000008000000      0x198 ./Src/startup_stm32f411retx.o
                0x0000000008000000                g_pfnVectors
                0x0000000008000198                . = ALIGN (0x4)

.text           0x0000000008000198      0x79c
                0x0000000008000198                . = ALIGN (0x4)
 *(.text)
 .text          0x0000000008000198       0x40 C:/ST/STM32CubeIDE_1.13.2/STM32CubeIDE/plugins/com.st.stm32cube.ide.mcu.externaltools.gnu-tools-for-stm32.11.3.rel1.win32_1.1.100.202309141235/tools/bin/../lib/gcc/arm-none-eabi/11.3.1/thumb/v7e-m+fp/hard/crtbegin.o
 *(.text*)
 .text.SystemInit
                0x00000000080001d8       0x24 ./CMSIS/system_stm32f4xx.o
                0x00000000080001d8                SystemInit
 .text.SystemCoreClockUpdate
                0x00000000080001fc      0x100 ./CMSIS/system_stm32f4xx.o
                0x00000000080001fc                SystemCoreClockUpdate
 .text.__NVIC_SetPriority
                0x00000000080002fc       0x54 ./Src/main.o
 .text.SysTick_Config
                0x0000000008000350       0x44 ./Src/main.o
 .text.SysTick_Handler
                0x0000000008000394       0x1c ./Src/main.o
                0x0000000008000394                SysTick_Handler
 .text.main     0x00000000080003b0       0x58 ./Src/main.o
                0x00000000080003b0                main
 .text.InitSPILED
                0x0000000008000408       0xb0 ./Src/map_shield.o
                0x0000000008000408                InitSPILED
 .text.writeSPILED
                0x00000000080004b8       0x50 ./Src/map_shield.o
                0x00000000080004b8                writeSPILED
 .text.Reset_Handler
                0x0000000008000508       0x50 ./Src/startup_stm32f411retx.o
                0x0000000008000508                Reset_Handler
 .text.Default_Handler
                0x0000000008000558        0x2 ./Src/startup_stm32f411retx.o
                0x0000000008000558                RTC_Alarm_IRQHandler
                0x0000000008000558                EXTI2_IRQHandler
                0x0000000008000558                DebugMon_Handler
                0x0000000008000558                SPI4_IRQHandler
                0x0000000008000558                TIM1_CC_IRQHandler
                0x0000000008000558                DMA2_Stream5_IRQHandler
                0x0000000008000558                HardFault_Handler
                0x0000000008000558                DMA1_Stream5_IRQHandler
                0x0000000008000558                PVD_IRQHandler
                0x0000000008000558                SDIO_IRQHandler
                0x0000000008000558                TAMP_STAMP_IRQHandler
                0x0000000008000558                PendSV_Handler
                0x0000000008000558                NMI_Handler
                0x0000000008000558                EXTI3_IRQHandler
                0x0000000008000558                TIM1_UP_TIM10_IRQHandler
                0x0000000008000558                I2C3_ER_IRQHandler
                0x0000000008000558                EXTI0_IRQHandler
                0x0000000008000558                I2C2_EV_IRQHandler
                0x0000000008000558                DMA1_Stream2_IRQHandler
                0x0000000008000558                UsageFault_Handler
                0x0000000008000558                DMA2_Stream2_IRQHandler
                0x0000000008000558                SPI1_IRQHandler
                0x0000000008000558                TIM1_BRK_TIM9_IRQHandler
                0x0000000008000558                DMA2_Stream3_IRQHandler
                0x0000000008000558                USART6_IRQHandler
                0x0000000008000558                DMA2_Stream0_IRQHandler
                0x0000000008000558                TIM4_IRQHandler
                0x0000000008000558                I2C1_EV_IRQHandler
                0x0000000008000558                DMA1_Stream6_IRQHandler
                0x0000000008000558                DMA1_Stream1_IRQHandler
                0x0000000008000558                TIM3_IRQHandler
                0x0000000008000558                RCC_IRQHandler
                0x0000000008000558                Default_Handler
                0x0000000008000558                EXTI15_10_IRQHandler
                0x0000000008000558                ADC_IRQHandler
                0x0000000008000558                DMA1_Stream7_IRQHandler
                0x0000000008000558                SPI5_IRQHandler
                0x0000000008000558                TIM5_IRQHandler
                0x0000000008000558                DMA2_Stream7_IRQHandler
                0x0000000008000558                I2C3_EV_IRQHandler
                0x0000000008000558                EXTI9_5_IRQHandler
                0x0000000008000558                RTC_WKUP_IRQHandler
                0x0000000008000558                SPI2_IRQHandler
                0x0000000008000558                MemManage_Handler
                0x0000000008000558                DMA1_Stream0_IRQHandler
                0x0000000008000558                SVC_Handler
                0x0000000008000558                EXTI4_IRQHandler
                0x0000000008000558                WWDG_IRQHandler
                0x0000000008000558                TIM2_IRQHandler
                0x0000000008000558                OTG_FS_WKUP_IRQHandler
                0x0000000008000558                TIM1_TRG_COM_TIM11_IRQHandler
                0x0000000008000558                EXTI1_IRQHandler
                0x0000000008000558                USART2_IRQHandler
                0x0000000008000558                I2C2_ER_IRQHandler
                0x0000000008000558                DMA2_Stream1_IRQHandler
                0x0000000008000558                FLASH_IRQHandler
                0x0000000008000558                DMA2_Stream4_IRQHandler
                0x0000000008000558                BusFault_Handler
                0x0000000008000558                USART1_IRQHandler
                0x0000000008000558                OTG_FS_IRQHandler
                0x0000000008000558                SPI3_IRQHandler
                0x0000000008000558                DMA1_Stream4_IRQHandler
                0x0000000008000558                I2C1_ER_IRQHandler
                0x0000000008000558                DMA2_Stream6_IRQHandler
                0x0000000008000558                DMA1_Stream3_IRQHandler
 *fill*         0x000000000800055a        0x2 
 .text.STM_SetPinGPIO
                0x000000000800055c      0x294 ./Src/stm_core.o
                0x000000000800055c                STM_SetPinGPIO
 .text.STM_SetAFGPIO
                0x00000000080007f0       0x9c ./Src/stm_core.o
                0x00000000080007f0                STM_SetAFGPIO
 .text.GPIOWrite
                0x000000000800088c       0x48 ./Src/stm_core.o
                0x000000000800088c                GPIOWrite
 .text.__libc_init_array
                0x00000000080008d4       0x48 C:/ST/STM32CubeIDE_1.13.2/STM32CubeIDE/plugins/com.st.stm32cube.ide.mcu.externaltools.gnu-tools-for-stm32.11.3.rel1.win32_1.1.100.202309141235/tools/bin/../lib/gcc/arm-none-eabi/11.3.1/../../../../arm-none-eabi/lib/thumb/v7e-m+fp/hard\libc_nano.a(libc_a-init.o)
                0x00000000080008d4                __libc_init_array
 *(.glue_7)
 .glue_7        0x000000000800091c        0x0 linker stubs
 *(.glue_7t)
 .glue_7t       0x000000000800091c        0x0 linker stubs
 *(.eh_frame)
 .eh_frame      0x000000000800091c        0x0 C:/ST/STM32CubeIDE_1.13.2/STM32CubeIDE/plugins/com.st.stm32cube.ide.mcu.externaltools.gnu-tools-for-stm32.11.3.rel1.win32_1.1.100.202309141235/tools/bin/../lib/gcc/arm-none-eabi/11.3.1/thumb/v7e-m+fp/hard/crtbegin.o
 *(.init)
 .init          0x000000000800091c        0x4 C:/ST/STM32CubeIDE_1.13.2/STM32CubeIDE/plugins/com.st.stm32cube.ide.mcu.externaltools.gnu-tools-for-stm32.11.3.rel1.win32_1.1.100.202309141235/tools/bin/../lib/gcc/arm-none-eabi/11.3.1/thumb/v7e-m+fp/hard/crti.o
                0x000000000800091c                _init
 .init          0x0000000008000920        0x8 C:/ST/STM32CubeIDE_1.13.2/STM32CubeIDE/plugins/com.st.stm32cube.ide.mcu.externaltools.gnu-tools-for-stm32.11.3.rel1.win32_1.1.100.202309141235/tools/bin/../lib/gcc/arm-none-eabi/11.3.1/thumb/v7e-m+fp/hard/crtn.o
 *(.fini)
 .fini          0x0000000008000928        0x4 C:/ST/STM32CubeIDE_1.13.2/STM32CubeIDE/plugins/com.st.stm32cube.ide.mcu.externaltools.gnu-tools-for-stm32.11.3.rel1.win32_1.1.100.202309141235/tools/bin/../lib/gcc/arm-none-eabi/11.3.1/thumb/v7e-m+fp/hard/crti.o
                0x0000000008000928                _fini
 .fini          0x000000000800092c        0x8 C:/ST/STM32CubeIDE_1.13.2/STM32CubeIDE/plugins/com.st.stm32cube.ide.mcu.externaltools.gnu-tools-for-stm32.11.3.rel1.win32_1.1.100.202309141235/tools/bin/../lib/gcc/arm-none-eabi/11.3.1/thumb/v7e-m+fp/hard/crtn.o
                0x0000000008000934                . = ALIGN (0x4)
                0x0000000008000934                _etext = .

.vfp11_veneer   0x0000000008000934        0x0
 .vfp11_veneer  0x0000000008000934        0x0 linker stubs

.v4_bx          0x0000000008000934        0x0
 .v4_bx         0x0000000008000934        0x0 linker stubs

.iplt           0x0000000008000934        0x0
 .iplt          0x0000000008000934        0x0 C:/ST/STM32CubeIDE_1.13.2/STM32CubeIDE/plugins/com.st.stm32cube.ide.mcu.externaltools.gnu-tools-for-stm32.11.3.rel1.win32_1.1.100.202309141235/tools/bin/../lib/gcc/arm-none-eabi/11.3.1/thumb/v7e-m+fp/hard/crtbegin.o

.rodata         0x0000000008000934       0x10
                0x0000000008000934                . = ALIGN (0x4)
 *(.rodata)
 *(.rodata*)
 .rodata.AHBPrescTable
                0x0000000008000934       0x10 ./CMSIS/system_stm32f4xx.o
                0x0000000008000934                AHBPrescTable
                0x0000000008000944                . = ALIGN (0x4)

.rel.dyn        0x0000000008000944        0x0
 .rel.iplt      0x0000000008000944        0x0 C:/ST/STM32CubeIDE_1.13.2/STM32CubeIDE/plugins/com.st.stm32cube.ide.mcu.externaltools.gnu-tools-for-stm32.11.3.rel1.win32_1.1.100.202309141235/tools/bin/../lib/gcc/arm-none-eabi/11.3.1/thumb/v7e-m+fp/hard/crtbegin.o

.ARM.extab      0x0000000008000944        0x0
                0x0000000008000944                . = ALIGN (0x4)
 *(.ARM.extab* .gnu.linkonce.armextab.*)
                0x0000000008000944                . = ALIGN (0x4)

.ARM            0x0000000008000944        0x0
                0x0000000008000944                . = ALIGN (0x4)
                0x0000000008000944                __exidx_start = .
 *(.ARM.exidx*)
                0x0000000008000944                __exidx_end = .
                0x0000000008000944                . = ALIGN (0x4)

.preinit_array  0x0000000008000944        0x0
                0x0000000008000944                . = ALIGN (0x4)
                0x0000000008000944                PROVIDE (__preinit_array_start = .)
 *(.preinit_array*)
                0x0000000008000944                PROVIDE (__preinit_array_end = .)
                0x0000000008000944                . = ALIGN (0x4)

.init_array     0x0000000008000944        0x4
                0x0000000008000944                . = ALIGN (0x4)
                0x0000000008000944                PROVIDE (__init_array_start = .)
 *(SORT_BY_NAME(.init_array.*))
 *(.init_array*)
 .init_array    0x0000000008000944        0x4 C:/ST/STM32CubeIDE_1.13.2/STM32CubeIDE/plugins/com.st.stm32cube.ide.mcu.externaltools.gnu-tools-for-stm32.11.3.rel1.win32_1.1.100.202309141235/tools/bin/../lib/gcc/arm-none-eabi/11.3.1/thumb/v7e-m+fp/hard/crtbegin.o
                0x0000000008000948                PROVIDE (__init_array_end = .)
                0x0000000008000948                . = ALIGN (0x4)

.fini_array     0x0000000008000948        0x4
                0x0000000008000948                . = ALIGN (0x4)
                [!provide]                        PROVIDE (__fini_array_start = .)
 *(SORT_BY_NAME(.fini_array.*))
 *(.fini_array*)
 .fini_array    0x0000000008000948        0x4 C:/ST/STM32CubeIDE_1.13.2/STM32CubeIDE/plugins/com.st.stm32cube.ide.mcu.externaltools.gnu-tools-for-stm32.11.3.rel1.win32_1.1.100.202309141235/tools/bin/../lib/gcc/arm-none-eabi/11.3.1/thumb/v7e-m+fp/hard/crtbegin.o
                [!provide]                        PROVIDE (__fini_array_end = .)
                0x000000000800094c                . = ALIGN (0x4)
                0x000000000800094c                _sidata = LOADADDR (.data)

.data           0x0000000020000000        0x4 load address 0x000000000800094c
                0x0000000020000000                . = ALIGN (0x4)
                0x0000000020000000                _sdata = .
 *(.data)
 *(.data*)
 .data.SystemCoreClock
                0x0000000020000000        0x4 ./CMSIS/system_stm32f4xx.o
                0x0000000020000000                SystemCoreClock
 *(.RamFunc)
 *(.RamFunc*)
                0x0000000020000004                . = ALIGN (0x4)
                0x0000000020000004                _edata = .

.igot.plt       0x0000000020000004        0x0 load address 0x0000000008000950
 .igot.plt      0x0000000020000004        0x0 C:/ST/STM32CubeIDE_1.13.2/STM32CubeIDE/plugins/com.st.stm32cube.ide.mcu.externaltools.gnu-tools-for-stm32.11.3.rel1.win32_1.1.100.202309141235/tools/bin/../lib/gcc/arm-none-eabi/11.3.1/thumb/v7e-m+fp/hard/crtbegin.o
                0x0000000020000004                . = ALIGN (0x4)

.bss            0x0000000020000004       0x20 load address 0x0000000008000950
                0x0000000020000004                _sbss = .
                0x0000000020000004                __bss_start__ = _sbss
 *(.bss)
 .bss           0x0000000020000004       0x1c C:/ST/STM32CubeIDE_1.13.2/STM32CubeIDE/plugins/com.st.stm32cube.ide.mcu.externaltools.gnu-tools-for-stm32.11.3.rel1.win32_1.1.100.202309141235/tools/bin/../lib/gcc/arm-none-eabi/11.3.1/thumb/v7e-m+fp/hard/crtbegin.o
 *(.bss*)
 .bss._ticks    0x0000000020000020        0x4 ./Src/main.o
                0x0000000020000020                _ticks
 *(COMMON)
                0x0000000020000024                . = ALIGN (0x4)
                0x0000000020000024                _ebss = .
                0x0000000020000024                __bss_end__ = _ebss

._user_heap_stack
                0x0000000020000024      0x604 load address 0x0000000008000950
                0x0000000020000028                . = ALIGN (0x8)
 *fill*         0x0000000020000024        0x4 
                [!provide]                        PROVIDE (end = .)
                0x0000000020000028                PROVIDE (_end = .)
                0x0000000020000228                . = (. + _Min_Heap_Size)
 *fill*         0x0000000020000028      0x200 
                0x0000000020000628                . = (. + _Min_Stack_Size)
 *fill*         0x0000000020000228      0x400 
                0x0000000020000628                . = ALIGN (0x8)

/DISCARD/
 libc.a(*)
 libm.a(*)
 libgcc.a(*)

.ARM.attributes
                0x0000000000000000       0x30
 *(.ARM.attributes)
 .ARM.attributes
                0x0000000000000000       0x1e C:/ST/STM32CubeIDE_1.13.2/STM32CubeIDE/plugins/com.st.stm32cube.ide.mcu.externaltools.gnu-tools-for-stm32.11.3.rel1.win32_1.1.100.202309141235/tools/bin/../lib/gcc/arm-none-eabi/11.3.1/thumb/v7e-m+fp/hard/crti.o
 .ARM.attributes
                0x000000000000001e       0x34 C:/ST/STM32CubeIDE_1.13.2/STM32CubeIDE/plugins/com.st.stm32cube.ide.mcu.externaltools.gnu-tools-for-stm32.11.3.rel1.win32_1.1.100.202309141235/tools/bin/../lib/gcc/arm-none-eabi/11.3.1/thumb/v7e-m+fp/hard/crtbegin.o
 .ARM.attributes
                0x0000000000000052       0x34 ./CMSIS/system_stm32f4xx.o
 .ARM.attributes
                0x0000000000000086       0x34 ./Src/main.o
 .ARM.attributes
                0x00000000000000ba       0x34 ./Src/map_shield.o
 .ARM.attributes
                0x00000000000000ee       0x21 ./Src/startup_stm32f411retx.o
 .ARM.attributes
                0x000000000000010f       0x34 ./Src/stm_core.o
 .ARM.attributes
                0x0000000000000143       0x34 C:/ST/STM32CubeIDE_1.13.2/STM32CubeIDE/plugins/com.st.stm32cube.ide.mcu.externaltools.gnu-tools-for-stm32.11.3.rel1.win32_1.1.100.202309141235/tools/bin/../lib/gcc/arm-none-eabi/11.3.1/../../../../arm-none-eabi/lib/thumb/v7e-m+fp/hard\libc_nano.a(libc_a-init.o)
 .ARM.attributes
                0x0000000000000177       0x1e C:/ST/STM32CubeIDE_1.13.2/STM32CubeIDE/plugins/com.st.stm32cube.ide.mcu.externaltools.gnu-tools-for-stm32.11.3.rel1.win32_1.1.100.202309141235/tools/bin/../lib/gcc/arm-none-eabi/11.3.1/thumb/v7e-m+fp/hard/crtn.o
OUTPUT(MAP_F411_CV5_SPI.elf elf32-littlearm)
LOAD linker stubs
LOAD C:/ST/STM32CubeIDE_1.13.2/STM32CubeIDE/plugins/com.st.stm32cube.ide.mcu.externaltools.gnu-tools-for-stm32.11.3.rel1.win32_1.1.100.202309141235/tools/bin/../lib/gcc/arm-none-eabi/11.3.1/../../../../arm-none-eabi/lib/thumb/v7e-m+fp/hard\libc.a
LOAD C:/ST/STM32CubeIDE_1.13.2/STM32CubeIDE/plugins/com.st.stm32cube.ide.mcu.externaltools.gnu-tools-for-stm32.11.3.rel1.win32_1.1.100.202309141235/tools/bin/../lib/gcc/arm-none-eabi/11.3.1/../../../../arm-none-eabi/lib/thumb/v7e-m+fp/hard\libm.a
LOAD C:/ST/STM32CubeIDE_1.13.2/STM32CubeIDE/plugins/com.st.stm32cube.ide.mcu.externaltools.gnu-tools-for-stm32.11.3.rel1.win32_1.1.100.202309141235/tools/bin/../lib/gcc/arm-none-eabi/11.3.1/thumb/v7e-m+fp/hard\libgcc.a

.comment        0x0000000000000000       0x43
 .comment       0x0000000000000000       0x43 C:/ST/STM32CubeIDE_1.13.2/STM32CubeIDE/plugins/com.st.stm32cube.ide.mcu.externaltools.gnu-tools-for-stm32.11.3.rel1.win32_1.1.100.202309141235/tools/bin/../lib/gcc/arm-none-eabi/11.3.1/thumb/v7e-m+fp/hard/crtbegin.o
                                         0x44 (size before relaxing)
 .comment       0x0000000000000043       0x44 ./CMSIS/system_stm32f4xx.o
 .comment       0x0000000000000043       0x44 ./Src/main.o
 .comment       0x0000000000000043       0x44 ./Src/map_shield.o
 .comment       0x0000000000000043       0x44 ./Src/stm_core.o

.debug_info     0x0000000000000000     0x149c
 .debug_info    0x0000000000000000      0x537 ./CMSIS/system_stm32f4xx.o
 .debug_info    0x0000000000000537      0x62f ./Src/main.o
 .debug_info    0x0000000000000b66      0x4a2 ./Src/map_shield.o
 .debug_info    0x0000000000001008       0x23 ./Src/startup_stm32f411retx.o
 .debug_info    0x000000000000102b      0x471 ./Src/stm_core.o

.debug_abbrev   0x0000000000000000      0x5bd
 .debug_abbrev  0x0000000000000000      0x11a ./CMSIS/system_stm32f4xx.o
 .debug_abbrev  0x000000000000011a      0x1e4 ./Src/main.o
 .debug_abbrev  0x00000000000002fe      0x170 ./Src/map_shield.o
 .debug_abbrev  0x000000000000046e       0x12 ./Src/startup_stm32f411retx.o
 .debug_abbrev  0x0000000000000480      0x13d ./Src/stm_core.o

.debug_aranges  0x0000000000000000      0x100
 .debug_aranges
                0x0000000000000000       0x28 ./CMSIS/system_stm32f4xx.o
 .debug_aranges
                0x0000000000000028       0x38 ./Src/main.o
 .debug_aranges
                0x0000000000000060       0x38 ./Src/map_shield.o
 .debug_aranges
                0x0000000000000098       0x28 ./Src/startup_stm32f411retx.o
 .debug_aranges
                0x00000000000000c0       0x40 ./Src/stm_core.o

.debug_rnglists
                0x0000000000000000       0xac
 .debug_rnglists
                0x0000000000000000       0x1a ./CMSIS/system_stm32f4xx.o
 .debug_rnglists
                0x000000000000001a       0x25 ./Src/main.o
 .debug_rnglists
                0x000000000000003f       0x27 ./Src/map_shield.o
 .debug_rnglists
                0x0000000000000066       0x19 ./Src/startup_stm32f411retx.o
 .debug_rnglists
                0x000000000000007f       0x2d ./Src/stm_core.o

.debug_macro    0x0000000000000000     0xdf8a
 .debug_macro   0x0000000000000000       0xda ./CMSIS/system_stm32f4xx.o
 .debug_macro   0x00000000000000da      0xab4 ./CMSIS/system_stm32f4xx.o
 .debug_macro   0x0000000000000b8e       0x28 ./CMSIS/system_stm32f4xx.o
 .debug_macro   0x0000000000000bb6       0x28 ./CMSIS/system_stm32f4xx.o
 .debug_macro   0x0000000000000bde       0x22 ./CMSIS/system_stm32f4xx.o
 .debug_macro   0x0000000000000c00       0x8e ./CMSIS/system_stm32f4xx.o
 .debug_macro   0x0000000000000c8e       0x51 ./CMSIS/system_stm32f4xx.o
 .debug_macro   0x0000000000000cdf      0x103 ./CMSIS/system_stm32f4xx.o
 .debug_macro   0x0000000000000de2       0x6a ./CMSIS/system_stm32f4xx.o
 .debug_macro   0x0000000000000e4c      0x1df ./CMSIS/system_stm32f4xx.o
 .debug_macro   0x000000000000102b       0x1c ./CMSIS/system_stm32f4xx.o
 .debug_macro   0x0000000000001047       0x22 ./CMSIS/system_stm32f4xx.o
 .debug_macro   0x0000000000001069       0xfb ./CMSIS/system_stm32f4xx.o
 .debug_macro   0x0000000000001164     0x1011 ./CMSIS/system_stm32f4xx.o
 .debug_macro   0x0000000000002175      0x11f ./CMSIS/system_stm32f4xx.o
 .debug_macro   0x0000000000002294     0xb953 ./CMSIS/system_stm32f4xx.o
 .debug_macro   0x000000000000dbe7       0x6d ./CMSIS/system_stm32f4xx.o
 .debug_macro   0x000000000000dc54       0xf5 ./Src/main.o
 .debug_macro   0x000000000000dd49       0x22 ./Src/main.o
 .debug_macro   0x000000000000dd6b       0x16 ./Src/main.o
 .debug_macro   0x000000000000dd81       0x28 ./Src/main.o
 .debug_macro   0x000000000000dda9       0xfb ./Src/map_shield.o
 .debug_macro   0x000000000000dea4       0xe6 ./Src/stm_core.o

.debug_line     0x0000000000000000     0x1780
 .debug_line    0x0000000000000000      0x531 ./CMSIS/system_stm32f4xx.o
 .debug_line    0x0000000000000531      0x57f ./Src/main.o
 .debug_line    0x0000000000000ab0      0x59f ./Src/map_shield.o
 .debug_line    0x000000000000104f       0x7b ./Src/startup_stm32f411retx.o
 .debug_line    0x00000000000010ca      0x6b6 ./Src/stm_core.o

.debug_str      0x0000000000000000    0x50516
 .debug_str     0x0000000000000000    0x4fdca ./CMSIS/system_stm32f4xx.o
                                      0x4ff3b (size before relaxing)
 .debug_str     0x000000000004fdca      0x58e ./Src/main.o
                                      0x5033e (size before relaxing)
 .debug_str     0x0000000000050358      0x13a ./Src/map_shield.o
                                      0x50090 (size before relaxing)
 .debug_str     0x0000000000050492       0x2b ./Src/startup_stm32f411retx.o
                                         0x6e (size before relaxing)
 .debug_str     0x00000000000504bd       0x59 ./Src/stm_core.o
                                      0x4ffe0 (size before relaxing)

.debug_frame    0x0000000000000000      0x290
 .debug_frame   0x0000000000000000       0x58 ./CMSIS/system_stm32f4xx.o
 .debug_frame   0x0000000000000058       0x9c ./Src/main.o
 .debug_frame   0x00000000000000f4       0x98 ./Src/map_shield.o
 .debug_frame   0x000000000000018c       0xd8 ./Src/stm_core.o
 .debug_frame   0x0000000000000264       0x2c C:/ST/STM32CubeIDE_1.13.2/STM32CubeIDE/plugins/com.st.stm32cube.ide.mcu.externaltools.gnu-tools-for-stm32.11.3.rel1.win32_1.1.100.202309141235/tools/bin/../lib/gcc/arm-none-eabi/11.3.1/../../../../arm-none-eabi/lib/thumb/v7e-m+fp/hard\libc_nano.a(libc_a-init.o)

.debug_line_str
                0x0000000000000000       0x62
 .debug_line_str
                0x0000000000000000       0x62 ./Src/startup_stm32f411retx.o
                                         0x7a (size before relaxing)
